[CPU 01:26] cores=14.75  1474.9% of 1 core  61.5% of 24-core  RSS=1.12 GB
[CPU 01:37] cores=14.85  1485.1% of 1 core  61.9% of 24-core  RSS=8.91 GB
[CPU 01:48] cores=1.03  103.1% of 1 core  4.3% of 24-core  RSS=4.69 GB
[CPU 01:59] cores=1.03  103.4% of 1 core  4.3% of 24-core  RSS=6 GB
[CPU 02:10] cores=1.04  103.6% of 1 core  4.3% of 24-core  RSS=6 GB
[CPU 02:21] cores=1.03  103.5% of 1 core  4.3% of 24-core  RSS=6.7 GB
[CPU 02:32] cores=1.03  102.5% of 1 core  4.3% of 24-core  RSS=5.61 GB
[CPU 02:43] cores=1.03  103.1% of 1 core  4.3% of 24-core  RSS=6.74 GB
[CPU 02:54] cores=1.03  103% of 1 core  4.3% of 24-core  RSS=7.67 GB
[CPU 03:05] cores=1.03  103.2% of 1 core  4.3% of 24-core  RSS=7.87 GB
[CPU 03:16] cores=1.04  103.6% of 1 core  4.3% of 24-core  RSS=7.96 GB
[CPU 03:27] cores=1.03  103.3% of 1 core  4.3% of 24-core  RSS=8.01 GB
[CPU 03:38] cores=1.04  103.6% of 1 core  4.3% of 24-core  RSS=7.54 GB
[CPU 03:49] cores=1.03  102.8% of 1 core  4.3% of 24-core  RSS=7.49 GB
[CPU 04:00] cores=1  100.1% of 1 core  4.2% of 24-core  RSS=6.73 GB
[CPU 04:11] cores=1  99.6% of 1 core  4.2% of 24-core  RSS=7.24 GB
[CPU 04:22] cores=1.03  103.5% of 1 core  4.3% of 24-core  RSS=9.27 GB
[CPU 04:33] cores=1.03  103.4% of 1 core  4.3% of 24-core  RSS=8.2 GB
[CPU 04:44] cores=1.03  103.3% of 1 core  4.3% of 24-core  RSS=6.77 GB
[CPU 04:55] cores=1.03  102.9% of 1 core  4.3% of 24-core  RSS=8.24 GB
[CPU 05:06] cores=1.03  103.5% of 1 core  4.3% of 24-core  RSS=8.01 GB
[CPU 05:17] cores=1.03  103.1% of 1 core  4.3% of 24-core  RSS=9.15 GB
[CPU 05:28] cores=1.03  103.3% of 1 core  4.3% of 24-core  RSS=8.21 GB
[CPU 05:39] cores=1.03  103.5% of 1 core  4.3% of 24-core  RSS=8.94 GB
[CPU 05:50] cores=1.03  103.2% of 1 core  4.3% of 24-core  RSS=10.01 GB
[CPU 06:01] cores=1.03  102.6% of 1 core  4.3% of 24-core  RSS=9.34 GB
[CPU 06:12] cores=1.03  103.1% of 1 core  4.3% of 24-core  RSS=9.01 GB
[CPU 06:23] cores=1.04  103.8% of 1 core  4.3% of 24-core  RSS=10.09 GB
[CPU 06:34] cores=1.03  103.4% of 1 core  4.3% of 24-core  RSS=7.68 GB
[CPU 06:45] cores=1.04  104.1% of 1 core  4.3% of 24-core  RSS=9.36 GB
[CPU 06:56] cores=1.03  103.2% of 1 core  4.3% of 24-core  RSS=11.25 GB
[CPU 07:07] cores=1.03  103.4% of 1 core  4.3% of 24-core  RSS=8.29 GB
[CPU 07:18] cores=1.03  103.3% of 1 core  4.3% of 24-core  RSS=9.75 GB
[CPU 07:29] cores=1.03  103.2% of 1 core  4.3% of 24-core  RSS=8.71 GB
[CPU 07:40] cores=1.04  103.6% of 1 core  4.3% of 24-core  RSS=9.07 GB
[CPU 07:51] cores=1.04  103.5% of 1 core  4.3% of 24-core  RSS=10.1 GB
[CPU 08:02] cores=1.04  104% of 1 core  4.3% of 24-core  RSS=9.48 GB
[CPU 08:13] cores=1.04  103.9% of 1 core  4.3% of 24-core  RSS=9.01 GB
[CPU 08:24] cores=1.04  103.6% of 1 core  4.3% of 24-core  RSS=7.45 GB
[CPU 08:35] cores=1.04  103.5% of 1 core  4.3% of 24-core  RSS=2.77 GB
[CPU 08:46] cores=1.04  103.8% of 1 core  4.3% of 24-core  RSS=4.45 GB
[CPU 08:57] cores=1.03  103.5% of 1 core  4.3% of 24-core  RSS=6.29 GB
[CPU 09:08] cores=1.04  103.9% of 1 core  4.3% of 24-core  RSS=3.32 GB
[CPU 09:19] cores=1.03  103.4% of 1 core  4.3% of 24-core  RSS=5.37 GB
[CPU 09:30] cores=1.04  104% of 1 core  4.3% of 24-core  RSS=3.3 GB
[CPU 09:41] cores=1.04  103.5% of 1 core  4.3% of 24-core  RSS=3.65 GB
[CPU 09:52] cores=1.04  104.3% of 1 core  4.3% of 24-core  RSS=5.2 GB
[CPU 10:03] cores=1.04  103.8% of 1 core  4.3% of 24-core  RSS=4.08 GB
[CPU 10:14] cores=1.03  103.3% of 1 core  4.3% of 24-core  RSS=4.44 GB
[CPU 10:25] cores=1.04  103.6% of 1 core  4.3% of 24-core  RSS=5.24 GB
[CPU 10:36] cores=1.03  103.2% of 1 core  4.3% of 24-core  RSS=3.7 GB
[CPU 10:47] cores=1.03  103.4% of 1 core  4.3% of 24-core  RSS=5.41 GB
[CPU 10:58] cores=1.04  103.5% of 1 core  4.3% of 24-core  RSS=1.51 GB
[CPU 11:09] cores=1.03  103.4% of 1 core  4.3% of 24-core  RSS=3.99 GB
[CPU 11:20] cores=1.04  103.8% of 1 core  4.3% of 24-core  RSS=5.07 GB
[CPU 11:31] cores=1.04  103.5% of 1 core  4.3% of 24-core  RSS=9.36 GB
[CPU 11:42] cores=1.04  103.9% of 1 core  4.3% of 24-core  RSS=9.93 GB
[CPU 11:53] cores=1.04  103.7% of 1 core  4.3% of 24-core  RSS=10.79 GB
[CPU 12:04] cores=1.04  103.8% of 1 core  4.3% of 24-core  RSS=9.44 GB
[CPU 12:15] cores=1.03  103.4% of 1 core  4.3% of 24-core  RSS=10.01 GB
[CPU 12:26] cores=1.04  103.6% of 1 core  4.3% of 24-core  RSS=11.09 GB
[CPU 12:37] cores=0.94  94.3% of 1 core  3.9% of 24-core  RSS=9.07 GB
[CPU 12:48] cores=1.03  102.9% of 1 core  4.3% of 24-core  RSS=9.46 GB
[CPU 12:59] cores=1.03  103.2% of 1 core  4.3% of 24-core  RSS=10.53 GB
[CPU 13:10] cores=1.04  103.6% of 1 core  4.3% of 24-core  RSS=12.38 GB
[CPU 13:21] cores=1.04  103.8% of 1 core  4.3% of 24-core  RSS=8.99 GB
[CPU 13:32] cores=1.04  103.6% of 1 core  4.3% of 24-core  RSS=10.83 GB
[CPU 13:43] cores=1.03  103.4% of 1 core  4.3% of 24-core  RSS=11.69 GB
[CPU 13:54] cores=1.04  103.7% of 1 core  4.3% of 24-core  RSS=9.29 GB
[CPU 14:05] cores=1.04  103.6% of 1 core  4.3% of 24-core  RSS=10.15 GB
[CPU 14:16] cores=1.04  103.5% of 1 core  4.3% of 24-core  RSS=12 GB
[CPU 14:27] cores=1.04  103.5% of 1 core  4.3% of 24-core  RSS=9.22 GB
[CPU 14:38] cores=1.04  103.7% of 1 core  4.3% of 24-core  RSS=10.05 GB
[CPU 14:49] cores=1.03  103% of 1 core  4.3% of 24-core  RSS=11.34 GB
[CPU 15:00] cores=1.03  103.4% of 1 core  4.3% of 24-core  RSS=12.83 GB
[CPU 15:11] cores=1.03  103.1% of 1 core  4.3% of 24-core  RSS=10.26 GB
[CPU 15:22] cores=1.03  103.4% of 1 core  4.3% of 24-core  RSS=10.94 GB
[CPU 15:33] cores=1.04  104.1% of 1 core  4.3% of 24-core  RSS=12.03 GB
[CPU 15:44] cores=15.89  1588.9% of 1 core  66.2% of 24-core  RSS=29.49 GB
[CPU 15:54] process not running — sampler exiting
